Component: ARM Compiler 5.06 update 6 (build 750) Tool: armlink [4d35ed]

==============================================================================

Section Cross References

    glcd_spi_lpc1700.o(.text) refers to glcd_spi_lpc1700.o(.data) for Himax
    glcd_spi_lpc1700.o(.text) refers to glcd_spi_lpc1700.o(.constdata) for Font_6x8_h
    led.o(.text) refers to led.o(.constdata) for led_mask
    menu.o(.text) refers to glcd_spi_lpc1700.o(.text) for GLCD_Clear
    menu.o(.text) refers to mp3player.o(.text) for funcMP3Player
    menu.o(.text) refers to photogallery.o(.text) for funcPhotoGallery
    menu.o(.text) refers to gamemenu.o(.text) for funcGameMenu
    menu.o(.text) refers to kbd.o(.text) for KBD_Init
    menu.o(.text) refers to led.o(.text) for LED_Init
    adcuser.o(.text) refers to usbcore.o(.data) for SetupPacket
    adcuser.o(.text) refers to usbdmain.o(.data) for Mute
    adcuser.o(.text) refers to usbcore.o(.bss) for EP0Buf
    adcuser.o(.text) refers to adcuser.o(.data) for VolCur
    usbcore.o(.text) refers to usbhw.o(.text) for USB_ReadEP
    usbcore.o(.text) refers to usbcore.o(i.USB_ReqGetStatus) for USB_ReqGetStatus
    usbcore.o(.text) refers to usbcore.o(i.USB_ReqSetClrFeature) for USB_ReqSetClrFeature
    usbcore.o(.text) refers to usbcore.o(i.USB_ReqGetDescriptor) for USB_ReqGetDescriptor
    usbcore.o(.text) refers to usbcore.o(i.USB_ReqSetConfiguration) for USB_ReqSetConfiguration
    usbcore.o(.text) refers to usbcore.o(i.USB_ReqSetInterface) for USB_ReqSetInterface
    usbcore.o(.text) refers to adcuser.o(.text) for ADC_IF_GetRequest
    usbcore.o(.text) refers to usbcore.o(.data) for USB_DeviceStatus
    usbcore.o(.text) refers to usbcore.o(.bss) for EP0Buf
    usbhw.o(.text) refers to usbhw.o(.data) for DDMemMap
    usbhw.o(.text) refers to usbhw.o(.bss) for udca
    usbhw.o(.text) refers to usbhw.o(USB_RAM) for UDCA
    usbhw.o(.text) refers to usbcore.o(.data) for USB_DeviceStatus
    usbhw.o(.text) refers to usbuser.o(.text) for USB_Reset_Event
    usbhw.o(.text) refers to usbhw.o(.constdata) for DDAdr
    usbhw.o(.text) refers to usbuser.o(.constdata) for USB_P_EP
    usbuser.o(.text) refers to usbcore.o(.text) for USB_ResetCore
    usbuser.o(.text) refers to usbhw.o(.text) for USB_DMA_BufAdr
    usbuser.o(.text) refers to usbdmain.o(.data) for DataBuf
    usbuser.o(.constdata) refers to usbcore.o(.text) for USB_EndPoint0
    usbuser.o(.constdata) refers to usbuser.o(.text) for USB_EndPoint3
    usbdmain.o(.text) refers to system_lpc17xx_1.o(.text) for SystemClockUpdate
    usbdmain.o(.text) refers to usbhw.o(.text) for USB_Init
    usbdmain.o(.text) refers to kbd.o(.text) for get_button
    usbdmain.o(.text) refers to usbdmain.o(.data) for PotVal
    usbdmain.o(.text) refers to adcuser.o(.data) for VolCur
    usbdmain.o(.text) refers to system_lpc17xx_1.o(.data) for SystemFrequency
    photogallery.o(.text) refers to glcd_spi_lpc1700.o(.text) for GLCD_Bitmap
    photogallery.o(.text) refers to kbd.o(.text) for get_button
    photogallery.o(.text) refers to menu.o(.text) for Delay
    photogallery.o(.text) refers to photogallery.o(.constdata) for ASTRONAUTIMAGE_pixel_data
    photogallery.o(.data) refers to photogallery.o(.conststring) for .conststring
    gametictactoe.o(.text) refers to glcd_spi_lpc1700.o(.text) for GLCD_Clear
    gametictactoe.o(.text) refers to menu.o(.text) for Delay
    gametictactoe.o(.text) refers to kbd.o(.text) for get_button
    gametictactoe.o(.text) refers to gametictactoe.o(.constdata) for SYMBOL_O_pixel_data
    gametictactoe.o(.text) refers to gametictactoe.o(.data) for yCoord
    gamemusicrhythm.o(.text) refers to glcd_spi_lpc1700.o(.text) for GLCD_Clear
    gamemusicrhythm.o(.text) refers to menu.o(.text) for Delay
    gamemusicrhythm.o(.text) refers to kbd.o(.text) for get_button
    mp3player.o(.text) refers to glcd_spi_lpc1700.o(.text) for GLCD_Clear
    mp3player.o(.text) refers to menu.o(.text) for Delay
    mp3player.o(.text) refers to usbdmain.o(.text) for playAudio
    mp3player.o(.text) refers to kbd.o(.text) for get_button
    mp3player.o(.text) refers to mp3player.o(.constdata) for AUDIO_SPLASHSCREEN_pixel_data
    gamemenu.o(.text) refers to glcd_spi_lpc1700.o(.text) for GLCD_Clear
    gamemenu.o(.text) refers to menu.o(.text) for Delay
    gamemenu.o(.text) refers to gametictactoe.o(.text) for funcTicTacToe
    gamemenu.o(.text) refers to gameblackjack.o(.text) for funcBlackjack
    gamemenu.o(.text) refers to kbd.o(.text) for get_button
    gameblackjack.o(.text) refers to glcd_spi_lpc1700.o(.text) for GLCD_Clear
    gameblackjack.o(.text) refers to menu.o(.text) for Delay
    gameblackjack.o(.text) refers to kbd.o(.text) for get_button
    gameblackjack.o(.text) refers to rand.o(.text) for rand
    gameblackjack.o(.text) refers to printf1.o(i.__0snprintf$1) for __2snprintf
    gameblackjack.o(.text) refers to gameblackjack.o(.data) for playerHand
[...]
    Removing rt_system.o(i.os_tick_ovf), (16 bytes).
    Removing rt_system.o(i.os_tick_val), (20 bytes).
    Removing rt_system.o(i.rt_resume), (136 bytes).
    Removing rt_system.o(i.rt_suspend), (36 bytes).
    Removing rt_system.o(i.rt_tsk_lock), (80 bytes).
    Removing rt_system.o(i.rt_tsk_unlock), (80 bytes).
    Removing rt_event.o(i.isr_evt_set), (40 bytes).
    Removing rt_event.o(i.rt_evt_clr), (28 bytes).
    Removing rt_event.o(i.rt_evt_get), (12 bytes).
    Removing rt_event.o(i.rt_evt_set), (92 bytes).
    Removing rt_event.o(i.rt_evt_wait), (60 bytes).
    Removing rt_list.o(i.rt_get_same_rdy_prio), (36 bytes).
    Removing rt_mailbox.o(i.rt_mbx_send), (152 bytes).
    Removing rt_semaphore.o(i.isr_sem_send), (16 bytes).
    Removing rt_semaphore.o(i.rt_sem_delete), (92 bytes).
    Removing rt_semaphore.o(i.rt_sem_init), (12 bytes).
    Removing rt_semaphore.o(i.rt_sem_send), (42 bytes).
    Removing rt_semaphore.o(i.rt_sem_wait), (64 bytes).
    Removing rt_time.o(i.rt_dly_wait), (6 bytes).
    Removing rt_time.o(i.rt_itv_set), (24 bytes).
    Removing rt_time.o(i.rt_itv_wait), (40 bytes).
    Removing rt_time.o(i.rt_time_get), (12 bytes).
    Removing rt_mutex.o(i.rt_mut_delete), (176 bytes).
    Removing rt_mutex.o(i.rt_mut_init), (16 bytes).
    Removing rt_mutex.o(i.rt_mut_release), (216 bytes).
    Removing rt_mutex.o(i.rt_mut_wait), (120 bytes).
    Removing rt_membox.o(i._calloc_box), (30 bytes).
    Removing rt_robin.o(i.rt_chk_robin), (72 bytes).
    Removing rt_robin.o(i.rt_init_robin), (24 bytes).
    Removing rt_robin.o(.data), (8 bytes).
    Removing dadd.o(.text), (334 bytes).
    Removing dmul.o(.text), (228 bytes).
    Removing ddiv.o(.text), (222 bytes).
    Removing dfixul.o(.text), (48 bytes).
    Removing cdrcmple.o(.text), (48 bytes).
    Removing depilogue.o(.text), (186 bytes).

132 unused section(s) (total 474148 bytes) removed from the image.

==============================================================================

Image Symbol Table

    Local Symbols

    Symbol Name                              Value     Ov Type        Size  Object(Section)

    RESET                                    0x00000000   Section      204  startup_lpc17xx_1.o(RESET)
    ../clib/microlib/division.c              0x00000000   Number         0  uldiv.o ABSOLUTE
    ../clib/microlib/division.c              0x00000000   Number         0  uidiv.o ABSOLUTE
    ../clib/microlib/init/entry.s            0x00000000   Number         0  entry8a.o ABSOLUTE
    ../clib/microlib/init/entry.s            0x00000000   Number         0  entry8b.o ABSOLUTE
    ../clib/microlib/init/entry.s            0x00000000   Number         0  entry11b.o ABSOLUTE
    ../clib/microlib/init/entry.s            0x00000000   Number         0  entry10a.o ABSOLUTE
    ../clib/microlib/init/entry.s            0x00000000   Number         0  entry10b.o ABSOLUTE
    ../clib/microlib/init/entry.s            0x00000000   Number         0  entry11a.o ABSOLUTE
    ../clib/microlib/init/entry.s            0x00000000   Number         0  entry.o ABSOLUTE
    ../clib/microlib/init/entry.s            0x00000000   Number         0  entry7b.o ABSOLUTE
    ../clib/microlib/init/entry.s            0x00000000   Number         0  entry7a.o ABSOLUTE
    ../clib/microlib/init/entry.s            0x00000000   Number         0  entry5.o ABSOLUTE
    ../clib/microlib/init/entry.s            0x00000000   Number         0  entry2.o ABSOLUTE
    ../clib/microlib/longlong.c              0x00000000   Number         0  llsshr.o ABSOLUTE
    ../clib/microlib/longlong.c              0x00000000   Number         0  llushr.o ABSOLUTE
    ../clib/microlib/longlong.c              0x00000000   Number         0  llshl.o ABSOLUTE
    ../clib/microlib/printf/printf.c         0x00000000   Number         0  printfb.o ABSOLUTE
    ../clib/microlib/printf/printf.c         0x00000000   Number         0  printf4.o ABSOLUTE
    ../clib/microlib/printf/printf.c         0x00000000   Number         0  printfa.o ABSOLUTE
    ../clib/microlib/printf/printf.c         0x00000000   Number         0  printf8.o ABSOLUTE
    ../clib/microlib/printf/printf.c         0x00000000   Number         0  printf7.o ABSOLUTE
    ../clib/microlib/printf/printf.c         0x00000000   Number         0  printf6.o ABSOLUTE
    ../clib/microlib/printf/printf.c         0x00000000   Number         0  printf5.o ABSOLUTE
    ../clib/microlib/printf/printf.c         0x00000000   Number         0  printf3.o ABSOLUTE
    ../clib/microlib/printf/printf.c         0x00000000   Number         0  printf2.o ABSOLUTE
    ../clib/microlib/printf/printf.c         0x00000000   Number         0  printf1.o ABSOLUTE
    ../clib/microlib/printf/printf.c         0x00000000   Number         0  printf0.o ABSOLUTE
    ../clib/microlib/printf/stubs.s          0x00000000   Number         0  stubs.o ABSOLUTE
    ../clib/microlib/stdlib/rand.c           0x00000000   Number         0  rand.o ABSOLUTE
    ../clib/microlib/stubs.s                 0x00000000   Number         0  iusefp.o ABSOLUTE
    ../fplib/microlib/fpadd.c                0x00000000   Number         0  dadd.o ABSOLUTE
    ../fplib/microlib/fpdiv.c                0x00000000   Number         0  ddiv.o ABSOLUTE
    ../fplib/microlib/fpepilogue.c           0x00000000   Number         0  depilogue.o ABSOLUTE
    ../fplib/microlib/fpfix.c                0x00000000   Number         0  dfixul.o ABSOLUTE
    ../fplib/microlib/fpmul.c                0x00000000   Number         0  dmul.o ABSOLUTE
    ..\HAL_CM.c                              0x00000000   Number         0  hal_cm.o ABSOLUTE
    ..\\rt_CMSIS.c                           0x00000000   Number         0  rt_cmsis.o ABSOLUTE
    ..\\rt_System.c                          0x00000000   Number         0  rt_system.o ABSOLUTE
    ..\rt_CMSIS.c                            0x00000000   Number         0  rt_cmsis.o ABSOLUTE
    ..\rt_Event.c                            0x00000000   Number         0  rt_event.o ABSOLUTE
    ..\rt_List.c                             0x00000000   Number         0  rt_list.o ABSOLUTE
    ..\rt_Mailbox.c                          0x00000000   Number         0  rt_mailbox.o ABSOLUTE
    ..\rt_MemBox.c                           0x00000000   Number         0  rt_membox.o ABSOLUTE
    ..\rt_Memory.c                           0x00000000   Number         0  rt_memory.o ABSOLUTE
    ..\rt_Mutex.c                            0x00000000   Number         0  rt_mutex.o ABSOLUTE
    ..\rt_Robin.c                            0x00000000   Number         0  rt_robin.o ABSOLUTE
    ..\rt_Semaphore.c                        0x00000000   Number         0  rt_semaphore.o ABSOLUTE
    ..\rt_System.c                           0x00000000   Number         0  rt_system.o ABSOLUTE
    ..\rt_Task.c                             0x00000000   Number         0  rt_task.o ABSOLUTE
    ..\rt_Time.c                             0x00000000   Number         0  rt_time.o ABSOLUTE
    Astronaut in Space.c                     0x00000000   Number         0  astronaut in space.o ABSOLUTE
    Basketball.c                             0x00000000   Number         0  basketball.o ABSOLUTE
    C:\Users\ECBME\AppData\Local\Arm\Packs\Keil\LPC1700_DFP\2.6.0\RTE_Driver\GPIO_LPC17xx.c 0x00000000   Number         0  gpio_lpc17xx.o ABSOLUTE
    C:\Users\ECBME\AppData\Local\Arm\Packs\Keil\LPC1700_DFP\2.6.0\RTE_Driver\PIN_LPC17xx.c 0x00000000   Number         0  pin_lpc17xx.o ABSOLUTE
    GLCD_SPI_LPC1700.c                       0x00000000   Number         0  glcd_spi_lpc1700.o ABSOLUTE
    HAL_CM3.c                                0x00000000   Number         0  hal_cm3.o ABSOLUTE
    HAL_CM3.c                                0x00000000   Number         0  hal_cm3.o ABSOLUTE
    KBD.c                                    0x00000000   Number         0  kbd.o ABSOLUTE
    LED.c                                    0x00000000   Number         0  led.o ABSOLUTE
    MCB1700 Development Board.c              0x00000000   Number         0  mcb1700 development board.o ABSOLUTE
    RTE\CMSIS\RTX_Conf_CM.c                  0x00000000   Number         0  rtx_conf_cm.o ABSOLUTE
    RTE\Device\LPC1768\startup_LPC17xx.s     0x00000000   Number         0  startup_lpc17xx_1.o ABSOLUTE
    RTE\Device\LPC1768\system_LPC17xx.c      0x00000000   Number         0  system_lpc17xx_1.o ABSOLUTE
    SVC_Table.s                              0x00000000   Number         0  svc_table.o ABSOLUTE
    adcuser.c                                0x00000000   Number         0  adcuser.o ABSOLUTE
    audio_splashscreen.c                     0x00000000   Number         0  audio_splashscreen.o ABSOLUTE
    cdrcmple.s                               0x00000000   Number         0  cdrcmple.o ABSOLUTE
    core_cm3.c                               0x00000000   Number         0  core_cm3.o ABSOLUTE
    core_cm3.c                               0x00000000   Number         0  core_cm3.o ABSOLUTE
    dc.s                                     0x00000000   Number         0  dc.o ABSOLUTE
    gameBlackjack.c                          0x00000000   Number         0  gameblackjack.o ABSOLUTE
    gameMenu.c                               0x00000000   Number         0  gamemenu.o ABSOLUTE
    gameMusicRhythm.c                        0x00000000   Number         0  gamemusicrhythm.o ABSOLUTE
    gameTicTacToe.c                          0x00000000   Number         0  gametictactoe.o ABSOLUTE
    gameboard.c                              0x00000000   Number         0  gameboard.o ABSOLUTE
    handlers.s                               0x00000000   Number         0  handlers.o ABSOLUTE
    init.s                                   0x00000000   Number         0  init.o ABSOLUTE
    menu.c                                   0x00000000   Number         0  menu.o ABSOLUTE
    mp3Player.c                              0x00000000   Number         0  mp3player.o ABSOLUTE
    photoGallery.c                           0x00000000   Number         0  photogallery.o ABSOLUTE
    symbol_O.c                               0x00000000   Number         0  symbol_o.o ABSOLUTE
    symbol_O_selected.c                      0x00000000   Number         0  symbol_o_selected.o ABSOLUTE
    symbol_X.c                               0x00000000   Number         0  symbol_x.o ABSOLUTE
    symbol_X_selected.c                      0x00000000   Number         0  symbol_x_selected.o ABSOLUTE
    usbcore.c                                0x00000000   Number         0  usbcore.o ABSOLUTE
    usbdesc.c                                0x00000000   Number         0  usbdesc.o ABSOLUTE
    usbdmain.c                               0x00000000   Number         0  usbdmain.o ABSOLUTE
    usbhw.c                                  0x00000000   Number         0  usbhw.o ABSOLUTE
    usbuser.c                                0x00000000   Number         0  usbuser.o ABSOLUTE
    .ARM.Collect$$$$00000000                 0x000000cc   Section        0  entry.o(.ARM.Collect$$$$00000000)
    .ARM.Collect$$$$00000001                 0x000000cc   Section        4  entry2.o(.ARM.Collect$$$$00000001)
    .ARM.Collect$$$$00000004                 0x000000d0   Section        4  entry5.o(.ARM.Collect$$$$00000004)
    .ARM.Collect$$$$00000008                 0x000000d4   Section        0  entry7b.o(.ARM.Collect$$$$00000008)
    .ARM.Collect$$$$0000000A                 0x000000d4   Section        0  entry8b.o(.ARM.Collect$$$$0000000A)
    .ARM.Collect$$$$0000000D                 0x000000d4   Section        0  entry10a.o(.ARM.Collect$$$$0000000D)
    .ARM.Collect$$$$0000000F                 0x000000d4   Section        0  entry11a.o(.ARM.Collect$$$$0000000F)
    .ARM.Collect$$$$000000FF                 0x000000d4   Section        0  rtx_conf_cm.o(.ARM.Collect$$$$000000FF)
    .ARM.Collect$$$$00002712                 0x000000ec   Section        4  entry2.o(.ARM.Collect$$$$00002712)
    __lit__00000000                          0x000000ec   Data           4  entry2.o(.ARM.Collect$$$$00002712)
    .emb_text                                0x000000f0   Section      304  hal_cm3.o(.emb_text)
    .text                                    0x00000220   Section        0  led.o(.text)
    .text                                    0x000002cc   Section        0  rtx_conf_cm.o(.text)
    SVC_TABLE                                0x000002f8   Section        4  svc_table.o(SVC_TABLE)
    .ARM.__at_0x02FC                         0x000002fc   Section        4  startup_lpc17xx_1.o(.ARM.__at_0x02FC)
    .text                                    0x00000300   Section        0  glcd_spi_lpc1700.o(.text)
    delay                                    0x00000301   Thumb Code    14  glcd_spi_lpc1700.o(.text)
    spi_tran_man                             0x0000030f   Thumb Code   124  glcd_spi_lpc1700.o(.text)
    wr_cmd                                   0x0000038b   Thumb Code    36  glcd_spi_lpc1700.o(.text)
    wr_dat                                   0x000003af   Thumb Code    36  glcd_spi_lpc1700.o(.text)
    rd_reg                                   0x000003d3   Thumb Code    66  glcd_spi_lpc1700.o(.text)
    rd_id_man                                0x00000415   Thumb Code   132  glcd_spi_lpc1700.o(.text)
    spi_tran                                 0x00000e2b   Thumb Code    28  glcd_spi_lpc1700.o(.text)
    wr_dat_start                             0x00000e47   Thumb Code    16  glcd_spi_lpc1700.o(.text)
    wr_dat_stop                              0x00000e57   Thumb Code     8  glcd_spi_lpc1700.o(.text)
    wr_dat_only                              0x00000e5f   Thumb Code    18  glcd_spi_lpc1700.o(.text)
    wr_reg                                   0x00000e71   Thumb Code    20  glcd_spi_lpc1700.o(.text)
    .text                                    0x00000e9c   Section        0  menu.o(.text)
    .text                                    0x000011ec   Section        0  kbd.o(.text)
    .text                                    0x00001248   Section        0  adcuser.o(.text)
    .text                                    0x00001330   Section        0  usbcore.o(.text)
    .text                                    0x0000170c   Section        0  usbhw.o(.text)
    .text                                    0x00001f94   Section        0  usbuser.o(.text)
    .text                                    0x00002074   Section        0  usbdmain.o(.text)
    .text                                    0x000022a0   Section        0  photogallery.o(.text)
    .text                                    0x00002554   Section        0  gametictactoe.o(.text)
    .text                                    0x00002ba4   Section        0  mp3player.o(.text)
    .text                                    0x00002c64   Section        0  gamemenu.o(.text)
    .text                                    0x00002f14   Section        0  gameblackjack.o(.text)
    .text                                    0x0000350c   Section       36  startup_lpc17xx_1.o(.text)
    .text                                    0x00003530   Section        0  system_lpc17xx_1.o(.text)
    .text                                    0x00003958   Section        0  uldiv.o(.text)
    .text                                    0x000039bc   Section        0  rand.o(.text)
    .text                                    0x000039e0   Section        0  uidiv.o(.text)
    .text                                    0x00003a0c   Section        0  llshl.o(.text)
    .text                                    0x00003a2a   Section        0  llushr.o(.text)
    .text                                    0x00003a4c   Section       36  init.o(.text)
    i.USB_ReqGetDescriptor                   0x00003a70   Section        0  usbcore.o(i.USB_ReqGetDescriptor)
    i.USB_ReqGetStatus                       0x00003b28   Section        0  usbcore.o(i.USB_ReqGetStatus)
    i.USB_ReqSetClrFeature                   0x00003be8   Section        0  usbcore.o(i.USB_ReqSetClrFeature)
    i.USB_ReqSetConfiguration                0x00003cd4   Section        0  usbcore.o(i.USB_ReqSetConfiguration)
    i.USB_ReqSetInterface                    0x00003e8c   Section        0  usbcore.o(i.USB_ReqSetInterface)
    i.__0snprintf$1                          0x00003fbc   Section        0  printf1.o(i.__0snprintf$1)
    i.__scatterload_copy                     0x00003fec   Section       14  handlers.o(i.__scatterload_copy)
    i.__scatterload_null                     0x00003ffa   Section        2  handlers.o(i.__scatterload_null)
    i.__scatterload_zeroinit                 0x00003ffc   Section       14  handlers.o(i.__scatterload_zeroinit)
    i._init_box                              0x0000400a   Section        0  rt_membox.o(i._init_box)
    i._printf_core                           0x00004050   Section        0  printf1.o(i._printf_core)
    _printf_core                             0x00004051   Thumb Code   336  printf1.o(i._printf_core)
    i._snputc                                0x000041a4   Section        0  printf1.o(i._snputc)
    _snputc                                  0x000041a5   Thumb Code    22  printf1.o(i._snputc)
    i.dbg_init                               0x000041bc   Section        0  hal_cm.o(i.dbg_init)
    i.dbg_task_notify                        0x000041ec   Section        0  hal_cm.o(i.dbg_task_notify)
    i.dbg_task_switch                        0x0000420c   Section        0  hal_cm.o(i.dbg_task_switch)
    i.isrMessageGet                          0x0000421c   Section        0  rt_cmsis.o(i.isrMessageGet)
    i.isrMessagePut                          0x00004246   Section        0  rt_cmsis.o(i.isrMessagePut)
    i.isr_mbx_receive                        0x00004274   Section        0  rt_mailbox.o(i.isr_mbx_receive)
    i.isr_mbx_send                           0x000042ca   Section        0  rt_mailbox.o(i.isr_mbx_send)
    i.osKernelInitialize                     0x000042d8   Section        0  rt_cmsis.o(i.osKernelInitialize)
    i.osKernelStart                          0x000042fc   Section        0  rt_cmsis.o(i.osKernelStart)
    i.osMessageGet                           0x00004368   Section        0  rt_cmsis.o(i.osMessageGet)
    i.osThreadCreate                         0x00004380   Section        0  rt_cmsis.o(i.osThreadCreate)
    i.osThreadExit                           0x000043ac   Section        0  rt_cmsis.o(i.osThreadExit)
    i.osTimerCall                            0x000043c4   Section        0  rt_cmsis.o(i.osTimerCall)
    i.osTimerThread                          0x000043d0   Section        0  rt_cmsis.o(i.osTimerThread)
    i.os_tick_init                           0x000043fc   Section        0  rt_system.o(i.os_tick_init)
    i.os_tick_irqack                         0x00004424   Section        0  rt_system.o(i.os_tick_irqack)
    i.rt_alloc_box                           0x00004426   Section        0  rt_membox.o(i.rt_alloc_box)
    i.rt_alloc_mem                           0x00004440   Section        0  rt_memory.o(i.rt_alloc_mem)
    i.rt_block                               0x00004480   Section        0  rt_task.o(i.rt_block)
    i.rt_dec_dly                             0x000044b8   Section        0  rt_list.o(i.rt_dec_dly)
    i.rt_dispatch                            0x00004528   Section        0  rt_task.o(i.rt_dispatch)
    i.rt_evt_psh                             0x0000456c   Section        0  rt_event.o(i.rt_evt_psh)
    i.rt_free_box                            0x000045bc   Section        0  rt_membox.o(i.rt_free_box)
    i.rt_free_mem                            0x000045e8   Section        0  rt_memory.o(i.rt_free_mem)
    i.rt_get_first                           0x00004610   Section        0  rt_list.o(i.rt_get_first)
    i.rt_id2obj                              0x00004638   Section        0  rt_cmsis.o(i.rt_id2obj)
    rt_id2obj                                0x00004639   Thumb Code     8  rt_cmsis.o(i.rt_id2obj)
    i.rt_init_context                        0x00004640   Section        0  rt_task.o(i.rt_init_context)
    rt_init_context                          0x00004641   Thumb Code    66  rt_task.o(i.rt_init_context)
    i.rt_init_mem                            0x00004688   Section        0  rt_memory.o(i.rt_init_mem)
    i.rt_init_stack                          0x000046a4   Section        0  hal_cm.o(i.rt_init_stack)
    i.rt_mbx_check                           0x00004724   Section        0  rt_mailbox.o(i.rt_mbx_check)
    i.rt_mbx_init                            0x0000472c   Section        0  rt_mailbox.o(i.rt_mbx_init)
    i.rt_mbx_psh                             0x00004748   Section        0  rt_mailbox.o(i.rt_mbx_psh)
    i.rt_mbx_wait                            0x00004838   Section        0  rt_mailbox.o(i.rt_mbx_wait)
    i.rt_ms2tick                             0x000048ec   Section        0  rt_cmsis.o(i.rt_ms2tick)
    rt_ms2tick                               0x000048ed   Thumb Code    58  rt_cmsis.o(i.rt_ms2tick)
    i.rt_pop_req                             0x00004930   Section        0  rt_system.o(i.rt_pop_req)
    i.rt_psh_req                             0x000049ac   Section        0  rt_system.o(i.rt_psh_req)
    i.rt_psq_enq                             0x000049cc   Section        0  rt_list.o(i.rt_psq_enq)
    i.rt_put_dly                             0x00004a28   Section        0  rt_list.o(i.rt_put_dly)
    i.rt_put_prio                            0x00004a70   Section        0  rt_list.o(i.rt_put_prio)
    i.rt_put_rdy_first                       0x00004aa8   Section        0  rt_list.o(i.rt_put_rdy_first)
    i.rt_resort_prio                         0x00004abc   Section        0  rt_list.o(i.rt_resort_prio)
    i.rt_ret_val                             0x00004af0   Section        0  hal_cm.o(i.rt_ret_val)
    i.rt_ret_val2                            0x00004af6   Section        0  hal_cm.o(i.rt_ret_val2)
    i.rt_rmv_dly                             0x00004afe   Section        0  rt_list.o(i.rt_rmv_dly)
    i.rt_rmv_list                            0x00004b28   Section        0  rt_list.o(i.rt_rmv_list)
    i.rt_sem_psh                             0x00004b58   Section        0  rt_semaphore.o(i.rt_sem_psh)
    i.rt_stk_check                           0x00004b8c   Section        0  rt_system.o(i.rt_stk_check)
    i.rt_switch_req                          0x00004bb0   Section        0  rt_task.o(i.rt_switch_req)
    i.rt_sys_init                            0x00004bd8   Section        0  rt_task.o(i.rt_sys_init)
    i.rt_sys_start                           0x00004ca4   Section        0  rt_task.o(i.rt_sys_start)
    i.rt_systick                             0x00004d1c   Section        0  rt_system.o(i.rt_systick)
    i.rt_tid2ptcb                            0x00004d5c   Section        0  rt_cmsis.o(i.rt_tid2ptcb)
    rt_tid2ptcb                              0x00004d5d   Thumb Code    18  rt_cmsis.o(i.rt_tid2ptcb)
    i.rt_timer_insert                        0x00004d70   Section        0  rt_cmsis.o(i.rt_timer_insert)
    rt_timer_insert                          0x00004d71   Thumb Code    48  rt_cmsis.o(i.rt_timer_insert)
    i.rt_tsk_create                          0x00004da4   Section        0  rt_task.o(i.rt_tsk_create)
    i.rt_tsk_delete                          0x00004e2c   Section        0  rt_task.o(i.rt_tsk_delete)
    i.rt_tsk_prio                            0x00004fa8   Section        0  rt_task.o(i.rt_tsk_prio)
    i.rt_tsk_self                            0x00005024   Section        0  rt_task.o(i.rt_tsk_self)
    i.svcKernelInitialize                    0x00005034   Section        0  rt_cmsis.o(i.svcKernelInitialize)
    i.svcKernelStart                         0x000050a4   Section        0  rt_cmsis.o(i.svcKernelStart)
    i.svcMessageCreate                       0x000050ec   Section        0  rt_cmsis.o(i.svcMessageCreate)
    i.svcMessageGet                          0x00005110   Section        0  rt_cmsis.o(i.svcMessageGet)
    i.svcThreadCreate                        0x0000514c   Section        0  rt_cmsis.o(i.svcThreadCreate)
    i.svcThreadGetId                         0x000051b8   Section        0  rt_cmsis.o(i.svcThreadGetId)
    i.svcThreadTerminate                     0x000051d4   Section        0  rt_cmsis.o(i.svcThreadTerminate)
    i.svcTimerCall                           0x0000520c   Section        0  rt_cmsis.o(i.svcTimerCall)
    i.sysTimerTick                           0x00005224   Section        0  rt_cmsis.o(i.sysTimerTick)
    .constdata                               0x00005280   Section     6272  glcd_spi_lpc1700.o(.constdata)
    .constdata                               0x00006b00   Section       32  led.o(.constdata)
    .constdata                               0x00006b20   Section      228  usbdesc.o(.constdata)
    .constdata                               0x00006c04   Section       16  usbhw.o(.constdata)
    .constdata                               0x00006c14   Section       64  usbuser.o(.constdata)
    .constdata                               0x00006c54   Section    322203  photogallery.o(.constdata)
    ASTRONAUTIMAGE_pixel_data                0x00006c54   Data       115201  photogallery.o(.constdata)
    BASKETBALLIMAGE_pixel_data               0x00022e55   Data       115201  photogallery.o(.constdata)
    PHOTO1_pixel_data                        0x0003f056   Data       91801  photogallery.o(.constdata)
    .constdata                               0x000556ef   Section    65813  gametictactoe.o(.constdata)
    SYMBOL_X_pixel_data                      0x000556ef   Data        5203  gametictactoe.o(.constdata)
    SYMBOL_O_pixel_data                      0x00056b42   Data        5203  gametictactoe.o(.constdata)
    SYMBOL_X_SELECTED_pixel_data             0x00057f95   Data        5203  gametictactoe.o(.constdata)
    SYMBOL_O_SELECTED_pixel_data             0x000593e8   Data        5203  gametictactoe.o(.constdata)
    GAMEBOARD_TICTACTOE_pixel_data           0x0005a83b   Data       45001  gametictactoe.o(.constdata)
    .constdata                               0x00065804   Section    80001  mp3player.o(.constdata)
    AUDIO_SPLASHSCREEN_pixel_data            0x00065804   Data       80001  mp3player.o(.constdata)
    .constdata                               0x00079088   Section      104  rtx_conf_cm.o(.constdata)
    __tagsym$$used                           0x000790a4   Number         0  rtx_conf_cm.o(.constdata)
    __tagsym$$used                           0x000790a8   Number         0  rtx_conf_cm.o(.constdata)
    __tagsym$$used                           0x000790ac   Number         0  rtx_conf_cm.o(.constdata)
    __tagsym$$used                           0x000790b0   Number         0  rtx_conf_cm.o(.constdata)
    .data                                    0x10000000   Section        5  glcd_spi_lpc1700.o(.data)
    Color                                    0x10000000   Data           4  glcd_spi_lpc1700.o(.data)
    Himax                                    0x10000004   Data           1  glcd_spi_lpc1700.o(.data)
    .data                                    0x10000006   Section        2  adcuser.o(.data)
    .data                                    0x10000008   Section       40  usbcore.o(.data)
    .data                                    0x10000030   Section        8  usbhw.o(.data)
    .data                                    0x10000038   Section       32  usbdmain.o(.data)
    .data                                    0x10000058   Section       44  gametictactoe.o(.data)
    .data                                    0x10000084   Section       16  gameblackjack.o(.data)
    .data                                    0x10000094   Section       16  rtx_conf_cm.o(.data)
    .data                                    0x100000a4   Section        8  system_lpc17xx_1.o(.data)
    .data                                    0x100000ac   Section        8  rt_cmsis.o(.data)
    .data                                    0x100000b4   Section        8  rt_task.o(.data)
    .data                                    0x100000bc   Section        8  rt_system.o(.data)
    os_lock                                  0x100000bc   Data           1  rt_system.o(.data)
    os_psh_flag                              0x100000bd   Data           1  rt_system.o(.data)
    pend_flags                               0x100000be   Data           1  rt_system.o(.data)
    .data                                    0x100000c4   Section        4  rt_time.o(.data)
    .data                                    0x100000c8   Section        1  hal_cm.o(.data)
    .data                                    0x100000cc   Section        4  rand.o(.data)
    _rand_state                              0x100000cc   Data           4  rand.o(.data)
    .bss                                     0x100000d0   Section       64  usbcore.o(.bss)
    .bss                                     0x10000110   Section      128  usbhw.o(.bss)
    .bss                                     0x10000190   Section      208  gameblackjack.o(.bss)
    .bss                                     0x10000260   Section    30312  rtx_conf_cm.o(.bss)
    .bss                                     0x100078c8   Section       52  rt_task.o(.bss)
    .bss                                     0x100078fc   Section       48  rt_list.o(.bss)
    STACK                                    0x10007930   Section      512  startup_lpc17xx_1.o(STACK)
    USB_RAM                                  0x10007b30   Section      544  usbhw.o(USB_RAM)

    Global Symbols

    Symbol Name                              Value     Ov Type        Size  Object(Section)

    BuildAttributes$$THM_ISAv4$P$D$K$B$S$PE$A:L22UL41UL21$X:L11$S22US41US21$IEEE1$IW$USESV6$~STKCKD$USESV7$~SHL$OSPACE$ROPI$EBA8$MICROLIB$REQ8$PRES8$EABIv2 0x00000000   Number         0  anon$$obj.o ABSOLUTE
    __ARM_use_no_argv                        0x00000000   Number         0  menu.o ABSOLUTE
    __Vectors                                0x00000000   Data           4  startup_lpc17xx_1.o(RESET)
    _printf_a                                0x00000000   Number         0  stubs.o ABSOLUTE
    _printf_c                                0x00000000   Number         0  stubs.o ABSOLUTE
    _printf_charcount                        0x00000000   Number         0  stubs.o ABSOLUTE
    _printf_d                                0x00000000   Number         0  stubs.o ABSOLUTE
    _printf_e                                0x00000000   Number         0  stubs.o ABSOLUTE
    _printf_f                                0x00000000   Number         0  stubs.o ABSOLUTE
    _printf_flags                            0x00000000   Number         0  stubs.o ABSOLUTE
    _printf_fp_dec                           0x00000000   Number         0  stubs.o ABSOLUTE
    _printf_fp_hex                           0x00000000   Number         0  stubs.o ABSOLUTE
    _printf_g                                0x00000000   Number         0  stubs.o ABSOLUTE
    _printf_i                                0x00000000   Number         0  stubs.o ABSOLUTE
    _printf_int_dec                          0x00000000   Number         0  stubs.o ABSOLUTE
    _printf_l                                0x00000000   Number         0  stubs.o ABSOLUTE
    _printf_lc                               0x00000000   Number         0  stubs.o ABSOLUTE
    _printf_ll                               0x00000000   Number         0  stubs.o ABSOLUTE
    _printf_lld                              0x00000000   Number         0  stubs.o ABSOLUTE
    _printf_lli                              0x00000000   Number         0  stubs.o ABSOLUTE
    _printf_llo                              0x00000000   Number         0  stubs.o ABSOLUTE
    _printf_llu                              0x00000000   Number         0  stubs.o ABSOLUTE
    _printf_llx                              0x00000000   Number         0  stubs.o ABSOLUTE
    _printf_longlong_dec                     0x00000000   Number         0  stubs.o ABSOLUTE
    _printf_longlong_hex                     0x00000000   Number         0  stubs.o ABSOLUTE
    _printf_longlong_oct                     0x00000000   Number         0  stubs.o ABSOLUTE
    _printf_ls                               0x00000000   Number         0  stubs.o ABSOLUTE
    _printf_mbtowc                           0x00000000   Number         0  stubs.o ABSOLUTE
    _printf_n                                0x00000000   Number         0  stubs.o ABSOLUTE
    _printf_o                                0x00000000   Number         0  stubs.o ABSOLUTE
    _printf_p                                0x00000000   Number         0  stubs.o ABSOLUTE
    _printf_percent                          0x00000000   Number         0  stubs.o ABSOLUTE
    _printf_pre_padding                      0x00000000   Number         0  stubs.o ABSOLUTE
    _printf_return_value                     0x00000000   Number         0  stubs.o ABSOLUTE
    _printf_s                                0x00000000   Number         0  stubs.o ABSOLUTE
    _printf_sizespec                         0x00000000   Number         0  stubs.o ABSOLUTE
    _printf_str                              0x00000000   Number         0  stubs.o ABSOLUTE
    _printf_truncate_signed                  0x00000000   Number         0  stubs.o ABSOLUTE
    _printf_truncate_unsigned                0x00000000   Number         0  stubs.o ABSOLUTE
    _printf_u                                0x00000000   Number         0  stubs.o ABSOLUTE
    _printf_wc                               0x00000000   Number         0  stubs.o ABSOLUTE
    _printf_wctomb                           0x00000000   Number         0  stubs.o ABSOLUTE
    _printf_widthprec                        0x00000000   Number         0  stubs.o ABSOLUTE
    _printf_x                                0x00000000   Number         0  stubs.o ABSOLUTE
    __cpp_initialize__aeabi_                  - Undefined Weak Reference
    __cxa_finalize                            - Undefined Weak Reference
    __decompress                              - Undefined Weak Reference
    _clock_init                               - Undefined Weak Reference
    _microlib_exit                            - Undefined Weak Reference
    __main                                   0x000000cd   Thumb Code     0  entry.o(.ARM.Collect$$$$00000000)
    _main_stk                                0x000000cd   Thumb Code     0  entry2.o(.ARM.Collect$$$$00000001)
    _main_scatterload                        0x000000d1   Thumb Code     0  entry5.o(.ARM.Collect$$$$00000004)
    __main_after_scatterload                 0x000000d5   Thumb Code     0  entry5.o(.ARM.Collect$$$$00000004)
    __rt_final_cpp                           0x000000d5   Thumb Code     0  entry10a.o(.ARM.Collect$$$$0000000D)
    __rt_final_exit                          0x000000d5   Thumb Code     0  entry11a.o(.ARM.Collect$$$$0000000F)
    _main_clock                              0x000000d5   Thumb Code     0  entry7b.o(.ARM.Collect$$$$00000008)
    _main_cpp_init                           0x000000d5   Thumb Code     0  entry8b.o(.ARM.Collect$$$$0000000A)
    _main_init                               0x000000d5   Thumb Code    18  rtx_conf_cm.o(.ARM.Collect$$$$000000FF)
    rt_set_PSP                               0x000000f1   Thumb Code     6  hal_cm3.o(.emb_text)
    rt_get_PSP                               0x000000f7   Thumb Code     6  hal_cm3.o(.emb_text)
    os_set_env                               0x000000fd   Thumb Code    24  hal_cm3.o(.emb_text)
    _alloc_box                               0x00000119   Thumb Code    28  hal_cm3.o(.emb_text)
    _free_box                                0x00000139   Thumb Code    28  hal_cm3.o(.emb_text)
    SVC_Handler                              0x00000159   Thumb Code   108  hal_cm3.o(.emb_text)
    PendSV_Handler                           0x000001d1   Thumb Code    56  hal_cm3.o(.emb_text)
    SysTick_Handler                          0x0000020d   Thumb Code     8  hal_cm3.o(.emb_text)
    OS_Tick_Handler                          0x00000215   Thumb Code    12  hal_cm3.o(.emb_text)
    LED_Init                                 0x00000221   Thumb Code    40  led.o(.text)
    LED_On                                   0x00000249   Thumb Code    40  led.o(.text)
    LED_Off                                  0x00000271   Thumb Code    40  led.o(.text)
    LED_Out                                  0x00000299   Thumb Code    38  led.o(.text)
    os_idle_demon                            0x000002cd   Thumb Code     4  rtx_conf_cm.o(.text)
    os_error                                 0x000002d1   Thumb Code    34  rtx_conf_cm.o(.text)
    rt_init_robin                            0x000002f3   Thumb Code     2  rtx_conf_cm.o(.text)
    rt_chk_robin                             0x000002f5   Thumb Code     2  rtx_conf_cm.o(.text)
    SVC_Count                                0x000002f8   Data           4  svc_table.o(SVC_TABLE)
    SVC_Table                                0x000002fc   Data           0  svc_table.o(SVC_TABLE)
    __RL_RTX_VER                             0x00000482   Number         0  rt_system.o ABSOLUTE
    GLCD_Init                                0x00000499   Thumb Code  1506  glcd_spi_lpc1700.o(.text)
    GLCD_SetWindow                           0x00000a7b   Thumb Code   168  glcd_spi_lpc1700.o(.text)
    GLCD_WindowMax                           0x00000b23   Thumb Code    26  glcd_spi_lpc1700.o(.text)
    GLCD_PutPixel                            0x00000b3d   Thumb Code   118  glcd_spi_lpc1700.o(.text)
    GLCD_SetTextColor                        0x00000bb3   Thumb Code     6  glcd_spi_lpc1700.o(.text)
    GLCD_SetBackColor                        0x00000bb9   Thumb Code     6  glcd_spi_lpc1700.o(.text)
    GLCD_Clear                               0x00000bbf   Thumb Code    42  glcd_spi_lpc1700.o(.text)
    GLCD_DrawChar                            0x00000be9   Thumb Code   150  glcd_spi_lpc1700.o(.text)
    GLCD_DisplayChar                         0x00000c7f   Thumb Code    84  glcd_spi_lpc1700.o(.text)
    GLCD_DisplayString                       0x00000cd3   Thumb Code    40  glcd_spi_lpc1700.o(.text)
    GLCD_ClearLn                             0x00000cfb   Thumb Code    94  glcd_spi_lpc1700.o(.text)
    GLCD_Bargraph                            0x00000d59   Thumb Code    98  glcd_spi_lpc1700.o(.text)
    GLCD_Bitmap                              0x00000dbb   Thumb Code    82  glcd_spi_lpc1700.o(.text)
    GLCD_ScrollVertical                      0x00000e0d   Thumb Code     2  glcd_spi_lpc1700.o(.text)
    GLCD_WrCmd                               0x00000e0f   Thumb Code    12  glcd_spi_lpc1700.o(.text)
    GLCD_WrReg                               0x00000e1b   Thumb Code    16  glcd_spi_lpc1700.o(.text)
    fputc                                    0x00000e9d   Thumb Code    30  menu.o(.text)
    Delay                                    0x00000ebb   Thumb Code    12  menu.o(.text)
    displayOptions                           0x00000ec7   Thumb Code   160  menu.o(.text)
    loadingScreen                            0x00000f67   Thumb Code   176  menu.o(.text)
    main                                     0x00001017   Thumb Code   174  menu.o(.text)
    KBD_Init                                 0x000011ed   Thumb Code    42  kbd.o(.text)
    KBD_get                                  0x00001217   Thumb Code    12  kbd.o(.text)
    get_button                               0x00001223   Thumb Code    20  kbd.o(.text)
    ADC_IF_GetRequest                        0x00001249   Thumb Code   128  adcuser.o(.text)
    ADC_IF_SetRequest                        0x000012c9   Thumb Code    80  adcuser.o(.text)
    ADC_EP_GetRequest                        0x00001319   Thumb Code     4  adcuser.o(.text)
    ADC_EP_SetRequest                        0x0000131d   Thumb Code     4  adcuser.o(.text)
    USB_ResetCore                            0x00001331   Thumb Code    34  usbcore.o(.text)
    USB_SetupStage                           0x00001353   Thumb Code    12  usbcore.o(.text)
    USB_DataInStage                          0x0000135f   Thumb Code    52  usbcore.o(.text)
    USB_DataOutStage                         0x00001393   Thumb Code    34  usbcore.o(.text)
    USB_StatusInStage                        0x000013b5   Thumb Code    14  usbcore.o(.text)
    USB_StatusOutStage                       0x000013c3   Thumb Code    12  usbcore.o(.text)
    USB_EndPoint0                            0x000013cf   Thumb Code   786  usbcore.o(.text)
    EPAdr                                    0x0000170d   Thumb Code    16  usbhw.o(.text)
    WrCmd                                    0x0000171d   Thumb Code    30  usbhw.o(.text)
    WrCmdDat                                 0x0000173b   Thumb Code    58  usbhw.o(.text)
    WrCmdEP                                  0x00001775   Thumb Code    78  usbhw.o(.text)
    RdCmdDat                                 0x000017c3   Thumb Code    38  usbhw.o(.text)
    USB_SetAddress                           0x000017e9   Thumb Code    42  usbhw.o(.text)
    USB_Reset                                0x00001813   Thumb Code   174  usbhw.o(.text)
    USB_Init                                 0x000018c1   Thumb Code   138  usbhw.o(.text)
    USB_Connect                              0x0000194b   Thumb Code    28  usbhw.o(.text)
    USB_Suspend                              0x00001967   Thumb Code     2  usbhw.o(.text)
    USB_Resume                               0x00001969   Thumb Code     2  usbhw.o(.text)
    USB_WakeUp                               0x0000196b   Thumb Code    22  usbhw.o(.text)
    USB_WakeUpCfg                            0x00001981   Thumb Code     2  usbhw.o(.text)
    USB_Configure                            0x00001983   Thumb Code    60  usbhw.o(.text)
    USB_ConfigEP                             0x000019bf   Thumb Code    68  usbhw.o(.text)
    USB_DirCtrlEP                            0x00001a03   Thumb Code     2  usbhw.o(.text)
    USB_EnableEP                             0x00001a05   Thumb Code    26  usbhw.o(.text)
    USB_DisableEP                            0x00001a1f   Thumb Code    26  usbhw.o(.text)
    USB_ResetEP                              0x00001a39   Thumb Code    26  usbhw.o(.text)
    USB_SetStallEP                           0x00001a53   Thumb Code    26  usbhw.o(.text)
    USB_ClrStallEP                           0x00001a6d   Thumb Code    26  usbhw.o(.text)
    USB_ClearEPBuf                           0x00001a87   Thumb Code    14  usbhw.o(.text)
    USB_ReadEP                               0x00001a95   Thumb Code    98  usbhw.o(.text)
    USB_WriteEP                              0x00001af7   Thumb Code   148  usbhw.o(.text)
    USB_DMA_Setup                            0x00001b8b   Thumb Code   248  usbhw.o(.text)
    USB_DMA_Enable                           0x00001c83   Thumb Code    22  usbhw.o(.text)
    USB_DMA_Disable                          0x00001c99   Thumb Code    22  usbhw.o(.text)
    USB_DMA_Status                           0x00001caf   Thumb Code    76  usbhw.o(.text)
    USB_DMA_BufAdr                           0x00001cfb   Thumb Code    30  usbhw.o(.text)
    USB_DMA_BufCnt                           0x00001d19   Thumb Code    30  usbhw.o(.text)
    USB_GetFrame                             0x00001d37   Thumb Code    30  usbhw.o(.text)
    USB_IRQHandler                           0x00001d55   Thumb Code   576  usbhw.o(.text)
    USB_Reset_Event                          0x00001f95   Thumb Code     8  usbuser.o(.text)
    USB_SOF_Event                            0x00001f9d   Thumb Code     2  usbuser.o(.text)
    USB_EndPoint1                            0x00001f9f   Thumb Code     2  usbuser.o(.text)
    USB_EndPoint2                            0x00001fa1   Thumb Code     2  usbuser.o(.text)
    USB_EndPoint3                            0x00001fa3   Thumb Code   164  usbuser.o(.text)
    USB_EndPoint4                            0x00002047   Thumb Code     2  usbuser.o(.text)
    USB_EndPoint5                            0x00002049   Thumb Code     2  usbuser.o(.text)
    USB_EndPoint6                            0x0000204b   Thumb Code     2  usbuser.o(.text)
    USB_EndPoint7                            0x0000204d   Thumb Code     2  usbuser.o(.text)
    USB_EndPoint8                            0x0000204f   Thumb Code     2  usbuser.o(.text)
    USB_EndPoint9                            0x00002051   Thumb Code     2  usbuser.o(.text)
    USB_EndPoint10                           0x00002053   Thumb Code     2  usbuser.o(.text)
    USB_EndPoint11                           0x00002055   Thumb Code     2  usbuser.o(.text)
    USB_EndPoint12                           0x00002057   Thumb Code     2  usbuser.o(.text)
    USB_EndPoint13                           0x00002059   Thumb Code     2  usbuser.o(.text)
    USB_EndPoint14                           0x0000205b   Thumb Code     2  usbuser.o(.text)
    USB_EndPoint15                           0x0000205d   Thumb Code     2  usbuser.o(.text)
    get_potval                               0x00002075   Thumb Code    58  usbdmain.o(.text)
    TIMER0_IRQHandler                        0x000020af   Thumb Code   226  usbdmain.o(.text)
    playAudio                                0x00002191   Thumb Code   206  usbdmain.o(.text)
    displayPhoto                             0x000022a1   Thumb Code   108  photogallery.o(.text)
    photoSelector                            0x0000230d   Thumb Code   244  photogallery.o(.text)
    menuPhotoGallery                         0x00002401   Thumb Code   148  photogallery.o(.text)
    funcPhotoGallery                         0x00002495   Thumb Code    36  photogallery.o(.text)
    menuTicTacToe                            0x00002555   Thumb Code    82  gametictactoe.o(.text)
    printRulesTicTacToe                      0x000025a7   Thumb Code   116  gametictactoe.o(.text)
    drawHighlight                            0x0000261b   Thumb Code    32  gametictactoe.o(.text)
    drawSymbol                               0x0000263b   Thumb Code   102  gametictactoe.o(.text)
    updateJoystickPosition                   0x000026a1   Thumb Code   194  gametictactoe.o(.text)
    drawGameboard                            0x00002763   Thumb Code    20  gametictactoe.o(.text)
    startTicTacToe                           0x00002777   Thumb Code    48  gametictactoe.o(.text)
    selectionExecutorTicTacToe               0x000027a7   Thumb Code   112  gametictactoe.o(.text)
    selectionManagerTicTacToe                0x00002817   Thumb Code   168  gametictactoe.o(.text)
    funcTicTacToe                            0x000028bf   Thumb Code    56  gametictactoe.o(.text)
    winConditionTicTacToe                    0x000028f7   Thumb Code   456  gametictactoe.o(.text)
    printOutcome                             0x00002abf   Thumb Code    82  gametictactoe.o(.text)
    inputSymbol                              0x00002b11   Thumb Code    90  gametictactoe.o(.text)
    updateGameboard                          0x00002b6b   Thumb Code     2  gametictactoe.o(.text)
    menuMP3Player                            0x00002ba5   Thumb Code    70  mp3player.o(.text)
    funcMP3Player                            0x00002beb   Thumb Code    58  mp3player.o(.text)
    displayGameMenu                          0x00002c65   Thumb Code   126  gamemenu.o(.text)
    loadingGame                              0x00002ce3   Thumb Code   138  gamemenu.o(.text)
    selectionManager                         0x00002d6d   Thumb Code   168  gamemenu.o(.text)
    funcGameMenu                             0x00002e15   Thumb Code    50  gamemenu.o(.text)
    menuBlackjack                            0x00002f15   Thumb Code    82  gameblackjack.o(.text)
    printRulesBlackjack                      0x00002f67   Thumb Code   116  gameblackjack.o(.text)
    continueMenu                             0x00002fdb   Thumb Code    98  gameblackjack.o(.text)
    winConditionBlackjack                    0x0000303d   Thumb Code    78  gameblackjack.o(.text)
    shuffleDeck                              0x0000308b   Thumb Code   110  gameblackjack.o(.text)
    drawCard                                 0x000030f9   Thumb Code    32  gameblackjack.o(.text)
    dealerTurn                               0x00003119   Thumb Code    74  gameblackjack.o(.text)
    playerTurn                               0x00003163   Thumb Code    92  gameblackjack.o(.text)
    startBlackjack                           0x000031bf   Thumb Code    88  gameblackjack.o(.text)
    selectionExecutorBlackjack               0x00003217   Thumb Code   122  gameblackjack.o(.text)
    selectionManagerBlackjack                0x00003291   Thumb Code   548  gameblackjack.o(.text)
    funcBlackjack                            0x000034b5   Thumb Code    56  gameblackjack.o(.text)
    Reset_Handler                            0x0000350d   Thumb Code     8  startup_lpc17xx_1.o(.text)
    NMI_Handler                              0x00003515   Thumb Code     2  startup_lpc17xx_1.o(.text)
    HardFault_Handler                        0x00003517   Thumb Code     2  startup_lpc17xx_1.o(.text)
    MemManage_Handler                        0x00003519   Thumb Code     2  startup_lpc17xx_1.o(.text)
    BusFault_Handler                         0x0000351b   Thumb Code     2  startup_lpc17xx_1.o(.text)
    UsageFault_Handler                       0x0000351d   Thumb Code     2  startup_lpc17xx_1.o(.text)
    DebugMon_Handler                         0x00003521   Thumb Code     2  startup_lpc17xx_1.o(.text)
    ADC_IRQHandler                           0x00003527   Thumb Code     0  startup_lpc17xx_1.o(.text)
    BOD_IRQHandler                           0x00003527   Thumb Code     0  startup_lpc17xx_1.o(.text)
    CANActivity_IRQHandler                   0x00003527   Thumb Code     0  startup_lpc17xx_1.o(.text)
    CAN_IRQHandler                           0x00003527   Thumb Code     0  startup_lpc17xx_1.o(.text)
    DMA_IRQHandler                           0x00003527   Thumb Code     0  startup_lpc17xx_1.o(.text)
    EINT0_IRQHandler                         0x00003527   Thumb Code     0  startup_lpc17xx_1.o(.text)
    EINT1_IRQHandler                         0x00003527   Thumb Code     0  startup_lpc17xx_1.o(.text)
    EINT2_IRQHandler                         0x00003527   Thumb Code     0  startup_lpc17xx_1.o(.text)
    EINT3_IRQHandler                         0x00003527   Thumb Code     0  startup_lpc17xx_1.o(.text)
    ENET_IRQHandler                          0x00003527   Thumb Code     0  startup_lpc17xx_1.o(.text)
    I2C0_IRQHandler                          0x00003527   Thumb Code     0  startup_lpc17xx_1.o(.text)
    I2C1_IRQHandler                          0x00003527   Thumb Code     0  startup_lpc17xx_1.o(.text)
    I2C2_IRQHandler                          0x00003527   Thumb Code     0  startup_lpc17xx_1.o(.text)
    I2S_IRQHandler                           0x00003527   Thumb Code     0  startup_lpc17xx_1.o(.text)
    MCPWM_IRQHandler                         0x00003527   Thumb Code     0  startup_lpc17xx_1.o(.text)
    PLL0_IRQHandler                          0x00003527   Thumb Code     0  startup_lpc17xx_1.o(.text)
    PLL1_IRQHandler                          0x00003527   Thumb Code     0  startup_lpc17xx_1.o(.text)
    PWM1_IRQHandler                          0x00003527   Thumb Code     0  startup_lpc17xx_1.o(.text)
    QEI_IRQHandler                           0x00003527   Thumb Code     0  startup_lpc17xx_1.o(.text)
    RIT_IRQHandler                           0x00003527   Thumb Code     0  startup_lpc17xx_1.o(.text)
    RTC_IRQHandler                           0x00003527   Thumb Code     0  startup_lpc17xx_1.o(.text)
    SPI_IRQHandler                           0x00003527   Thumb Code     0  startup_lpc17xx_1.o(.text)
    SSP0_IRQHandler                          0x00003527   Thumb Code     0  startup_lpc17xx_1.o(.text)
    SSP1_IRQHandler                          0x00003527   Thumb Code     0  startup_lpc17xx_1.o(.text)
    TIMER1_IRQHandler                        0x00003527   Thumb Code     0  startup_lpc17xx_1.o(.text)
    TIMER2_IRQHandler                        0x00003527   Thumb Code     0  startup_lpc17xx_1.o(.text)
    TIMER3_IRQHandler                        0x00003527   Thumb Code     0  startup_lpc17xx_1.o(.text)
    UART0_IRQHandler                         0x00003527   Thumb Code     0  startup_lpc17xx_1.o(.text)
    UART1_IRQHandler                         0x00003527   Thumb Code     0  startup_lpc17xx_1.o(.text)
    UART2_IRQHandler                         0x00003527   Thumb Code     0  startup_lpc17xx_1.o(.text)
    UART3_IRQHandler                         0x00003527   Thumb Code     0  startup_lpc17xx_1.o(.text)
    USBActivity_IRQHandler                   0x00003527   Thumb Code     0  startup_lpc17xx_1.o(.text)
    WDT_IRQHandler                           0x00003527   Thumb Code     0  startup_lpc17xx_1.o(.text)
    SystemCoreClockUpdate                    0x00003531   Thumb Code   408  system_lpc17xx_1.o(.text)
    SystemInit                               0x000036c9   Thumb Code   314  system_lpc17xx_1.o(.text)
    SystemClockUpdate                        0x00003803   Thumb Code   332  system_lpc17xx_1.o(.text)
    __aeabi_uldivmod                         0x00003959   Thumb Code    98  uldiv.o(.text)
    rand                                     0x000039bd   Thumb Code    20  rand.o(.text)
    srand                                    0x000039d1   Thumb Code     6  rand.o(.text)
    __aeabi_uidiv                            0x000039e1   Thumb Code     0  uidiv.o(.text)
    __aeabi_uidivmod                         0x000039e1   Thumb Code    44  uidiv.o(.text)
    __aeabi_llsl                             0x00003a0d   Thumb Code    30  llshl.o(.text)
    _ll_shift_l                              0x00003a0d   Thumb Code     0  llshl.o(.text)
    __aeabi_llsr                             0x00003a2b   Thumb Code    32  llushr.o(.text)
    _ll_ushift_r                             0x00003a2b   Thumb Code     0  llushr.o(.text)
    __scatterload                            0x00003a4d   Thumb Code    28  init.o(.text)
    __scatterload_rt2                        0x00003a4d   Thumb Code     0  init.o(.text)
    USB_ReqGetDescriptor                     0x00003a71   Thumb Code   164  usbcore.o(i.USB_ReqGetDescriptor)
    USB_ReqGetStatus                         0x00003b29   Thumb Code   160  usbcore.o(i.USB_ReqGetStatus)
    USB_ReqSetClrFeature                     0x00003be9   Thumb Code   210  usbcore.o(i.USB_ReqSetClrFeature)
    USB_ReqSetConfiguration                  0x00003cd5   Thumb Code   402  usbcore.o(i.USB_ReqSetConfiguration)
    USB_ReqSetInterface                      0x00003e8d   Thumb Code   278  usbcore.o(i.USB_ReqSetInterface)
    __0snprintf$1                            0x00003fbd   Thumb Code    44  printf1.o(i.__0snprintf$1)
    __1snprintf$1                            0x00003fbd   Thumb Code     0  printf1.o(i.__0snprintf$1)
    __2snprintf                              0x00003fbd   Thumb Code     0  printf1.o(i.__0snprintf$1)
    __scatterload_copy                       0x00003fed   Thumb Code    14  handlers.o(i.__scatterload_copy)
    __scatterload_null                       0x00003ffb   Thumb Code     2  handlers.o(i.__scatterload_null)
    __scatterload_zeroinit                   0x00003ffd   Thumb Code    14  handlers.o(i.__scatterload_zeroinit)
    _init_box                                0x0000400b   Thumb Code    70  rt_membox.o(i._init_box)
    dbg_init                                 0x000041bd   Thumb Code    34  hal_cm.o(i.dbg_init)
    dbg_task_notify                          0x000041ed   Thumb Code    32  hal_cm.o(i.dbg_task_notify)
    dbg_task_switch                          0x0000420d   Thumb Code    16  hal_cm.o(i.dbg_task_switch)
    isrMessageGet                            0x0000421d   Thumb Code    42  rt_cmsis.o(i.isrMessageGet)
    isrMessagePut                            0x00004247   Thumb Code    44  rt_cmsis.o(i.isrMessagePut)
    isr_mbx_receive                          0x00004275   Thumb Code    86  rt_mailbox.o(i.isr_mbx_receive)
    isr_mbx_send                             0x000042cb   Thumb Code    14  rt_mailbox.o(i.isr_mbx_send)
    osKernelInitialize                       0x000042d9   Thumb Code    30  rt_cmsis.o(i.osKernelInitialize)
    osKernelStart                            0x000042fd   Thumb Code    98  rt_cmsis.o(i.osKernelStart)
    osMessageGet                             0x00004369   Thumb Code    18  rt_cmsis.o(i.osMessageGet)
    osThreadCreate                           0x00004381   Thumb Code    36  rt_cmsis.o(i.osThreadCreate)
    osThreadExit                             0x000043ad   Thumb Code    14  rt_cmsis.o(i.osThreadExit)
    osTimerCall                              0x000043c5   Thumb Code     8  rt_cmsis.o(i.osTimerCall)
    osTimerThread                            0x000043d1   Thumb Code    38  rt_cmsis.o(i.osTimerThread)
    os_tick_init                             0x000043fd   Thumb Code    32  rt_system.o(i.os_tick_init)
    os_tick_irqack                           0x00004425   Thumb Code     2  rt_system.o(i.os_tick_irqack)
    rt_alloc_box                             0x00004427   Thumb Code    26  rt_membox.o(i.rt_alloc_box)
    rt_alloc_mem                             0x00004441   Thumb Code    62  rt_memory.o(i.rt_alloc_mem)
    rt_block                                 0x00004481   Thumb Code    48  rt_task.o(i.rt_block)
    rt_dec_dly                               0x000044b9   Thumb Code   102  rt_list.o(i.rt_dec_dly)
    rt_dispatch                              0x00004529   Thumb Code    60  rt_task.o(i.rt_dispatch)
    rt_evt_psh                               0x0000456d   Thumb Code    76  rt_event.o(i.rt_evt_psh)
    rt_free_box                              0x000045bd   Thumb Code    44  rt_membox.o(i.rt_free_box)
    rt_free_mem                              0x000045e9   Thumb Code    40  rt_memory.o(i.rt_free_mem)
    rt_get_first                             0x00004611   Thumb Code    40  rt_list.o(i.rt_get_first)
    rt_init_mem                              0x00004689   Thumb Code    26  rt_memory.o(i.rt_init_mem)
    rt_init_stack                            0x000046a5   Thumb Code   118  hal_cm.o(i.rt_init_stack)
    rt_mbx_check                             0x00004725   Thumb Code     8  rt_mailbox.o(i.rt_mbx_check)
    rt_mbx_init                              0x0000472d   Thumb Code    26  rt_mailbox.o(i.rt_mbx_init)
    rt_mbx_psh                               0x00004749   Thumb Code   236  rt_mailbox.o(i.rt_mbx_psh)
    rt_mbx_wait                              0x00004839   Thumb Code   174  rt_mailbox.o(i.rt_mbx_wait)
    rt_pop_req                               0x00004931   Thumb Code   112  rt_system.o(i.rt_pop_req)
    rt_psh_req                               0x000049ad   Thumb Code    22  rt_system.o(i.rt_psh_req)
    rt_psq_enq                               0x000049cd   Thumb Code    88  rt_list.o(i.rt_psq_enq)
    rt_put_dly                               0x00004a29   Thumb Code    68  rt_list.o(i.rt_put_dly)
    rt_put_prio                              0x00004a71   Thumb Code    54  rt_list.o(i.rt_put_prio)
    rt_put_rdy_first                         0x00004aa9   Thumb Code    14  rt_list.o(i.rt_put_rdy_first)
    rt_resort_prio                           0x00004abd   Thumb Code    46  rt_list.o(i.rt_resort_prio)
    rt_ret_val                               0x00004af1   Thumb Code     6  hal_cm.o(i.rt_ret_val)
    rt_ret_val2                              0x00004af7   Thumb Code     8  hal_cm.o(i.rt_ret_val2)
    rt_rmv_dly                               0x00004aff   Thumb Code    40  rt_list.o(i.rt_rmv_dly)
    rt_rmv_list                              0x00004b29   Thumb Code    44  rt_list.o(i.rt_rmv_list)
    rt_sem_psh                               0x00004b59   Thumb Code    48  rt_semaphore.o(i.rt_sem_psh)
    rt_stk_check                             0x00004b8d   Thumb Code    28  rt_system.o(i.rt_stk_check)
    rt_switch_req                            0x00004bb1   Thumb Code    30  rt_task.o(i.rt_switch_req)
    rt_sys_init                              0x00004bd9   Thumb Code   138  rt_task.o(i.rt_sys_init)
    rt_sys_start                             0x00004ca5   Thumb Code   110  rt_task.o(i.rt_sys_start)
    rt_systick                               0x00004d1d   Thumb Code    50  rt_system.o(i.rt_systick)
    rt_tsk_create                            0x00004da5   Thumb Code   118  rt_task.o(i.rt_tsk_create)
    rt_tsk_delete                            0x00004e2d   Thumb Code   352  rt_task.o(i.rt_tsk_delete)
    rt_tsk_prio                              0x00004fa9   Thumb Code   108  rt_task.o(i.rt_tsk_prio)
    rt_tsk_self                              0x00005025   Thumb Code    12  rt_task.o(i.rt_tsk_self)
    svcKernelInitialize                      0x00005035   Thumb Code    80  rt_cmsis.o(i.svcKernelInitialize)
    svcKernelStart                           0x000050a5   Thumb Code    62  rt_cmsis.o(i.svcKernelStart)
    svcMessageCreate                         0x000050ed   Thumb Code    36  rt_cmsis.o(i.svcMessageCreate)
    svcMessageGet                            0x00005111   Thumb Code    58  rt_cmsis.o(i.svcMessageGet)
    svcThreadCreate                          0x0000514d   Thumb Code    96  rt_cmsis.o(i.svcThreadCreate)
    svcThreadGetId                           0x000051b9   Thumb Code    22  rt_cmsis.o(i.svcThreadGetId)
    svcThreadTerminate                       0x000051d5   Thumb Code    50  rt_cmsis.o(i.svcThreadTerminate)
    svcTimerCall                             0x0000520d   Thumb Code    24  rt_cmsis.o(i.svcTimerCall)
    sysTimerTick                             0x00005225   Thumb Code    84  rt_cmsis.o(i.sysTimerTick)
    Font_6x8_h                               0x00005280   Data         896  glcd_spi_lpc1700.o(.constdata)
    Font_16x24_h                             0x00005600   Data        5376  glcd_spi_lpc1700.o(.constdata)
    led_mask                                 0x00006b00   Data          32  led.o(.constdata)
    USB_DeviceDescriptor                     0x00006b20   Data          18  usbdesc.o(.constdata)
    USB_ConfigDescriptor                     0x00006b32   Data         110  usbdesc.o(.constdata)
    USB_StringDescriptor                     0x00006ba0   Data         100  usbdesc.o(.constdata)
    DDAdr                                    0x00006c04   Data           8  usbhw.o(.constdata)
    DDSz                                     0x00006c0c   Data           8  usbhw.o(.constdata)
    USB_P_EP                                 0x00006c14   Data          64  usbuser.o(.constdata)
    os_maxtaskrun                            0x00079088   Data           2  rtx_conf_cm.o(.constdata)
    os_stackinfo                             0x0007908c   Data           4  rtx_conf_cm.o(.constdata)
    os_rrobin                                0x00079090   Data           4  rtx_conf_cm.o(.constdata)
    os_tickfreq                              0x00079094   Data           4  rtx_conf_cm.o(.constdata)
    os_tickus_i                              0x00079098   Data           2  rtx_conf_cm.o(.constdata)
    os_tickus_f                              0x0007909a   Data           2  rtx_conf_cm.o(.constdata)
    os_trv                                   0x0007909c   Data           4  rtx_conf_cm.o(.constdata)
    os_flags                                 0x000790a0   Data           1  rtx_conf_cm.o(.constdata)
    CMSIS_RTOS_API_Version                   0x000790a4   Data           4  rtx_conf_cm.o(.constdata)
    CMSIS_RTOS_RTX_Version                   0x000790a8   Data           4  rtx_conf_cm.o(.constdata)
    os_clockrate                             0x000790ac   Data           4  rtx_conf_cm.o(.constdata)
    os_timernum                              0x000790b0   Data           4  rtx_conf_cm.o(.constdata)
    mp_tcb_size                              0x000790b4   Data           2  rtx_conf_cm.o(.constdata)
    mp_stk_size                              0x000790b8   Data           4  rtx_conf_cm.o(.constdata)
    os_stack_sz                              0x000790bc   Data           4  rtx_conf_cm.o(.constdata)
    os_fifo_size                             0x000790c0   Data           1  rtx_conf_cm.o(.constdata)
    os_thread_def_osTimerThread              0x000790c4   Data          16  rtx_conf_cm.o(.constdata)
    os_messageQ_def_osTimerMessageQ          0x000790d4   Data           8  rtx_conf_cm.o(.constdata)
    mp_tmr_size                              0x000790dc   Data           2  rtx_conf_cm.o(.constdata)
    os_thread_def_main                       0x000790e0   Data          16  rtx_conf_cm.o(.constdata)
    Region$$Table$$Base                      0x000790f0   Number         0  anon$$obj.o(Region$$Table)
    Region$$Table$$Limit                     0x00079110   Number         0  anon$$obj.o(Region$$Table)
    VolCur                                   0x10000006   Data           2  adcuser.o(.data)
    USB_DeviceStatus                         0x10000008   Data           2  usbcore.o(.data)
    USB_DeviceAddress                        0x1000000a   Data           1  usbcore.o(.data)
    USB_Configuration                        0x1000000b   Data           1  usbcore.o(.data)
    USB_EndPointMask                         0x1000000c   Data           4  usbcore.o(.data)
    USB_EndPointHalt                         0x10000010   Data           4  usbcore.o(.data)
    USB_EndPointStall                        0x10000014   Data           4  usbcore.o(.data)
    USB_NumInterfaces                        0x10000018   Data           1  usbcore.o(.data)
    USB_AltSetting                           0x10000019   Data           4  usbcore.o(.data)
    EP0Data                                  0x10000020   Data           8  usbcore.o(.data)
    SetupPacket                              0x10000028   Data           8  usbcore.o(.data)
    DDMemMap                                 0x10000030   Data           8  usbhw.o(.data)
    Mute                                     0x10000038   Data           1  usbdmain.o(.data)
    Volume                                   0x1000003c   Data           4  usbdmain.o(.data)
    InfoBuf                                  0x10000040   Data           4  usbdmain.o(.data)
    DataBuf                                  0x10000044   Data           4  usbdmain.o(.data)
    DataOut                                  0x10000048   Data           2  usbdmain.o(.data)
    DataIn                                   0x1000004a   Data           2  usbdmain.o(.data)
    DataRun                                  0x1000004c   Data           1  usbdmain.o(.data)
    PotVal                                   0x1000004e   Data           2  usbdmain.o(.data)
    VUM                                      0x10000050   Data           4  usbdmain.o(.data)
    Tick                                     0x10000054   Data           4  usbdmain.o(.data)
    selectionTicTacToe                       0x10000058   Data           4  gametictactoe.o(.data)
    player                                   0x1000005c   Data           4  gametictactoe.o(.data)
    board                                    0x10000060   Data           9  gametictactoe.o(.data)
    xCoord                                   0x1000006c   Data          12  gametictactoe.o(.data)
    yCoord                                   0x10000078   Data          12  gametictactoe.o(.data)
    selectionBlackjack                       0x10000084   Data           4  gameblackjack.o(.data)
    deckIndex                                0x10000088   Data           4  gameblackjack.o(.data)
    playerHand                               0x1000008c   Data           4  gameblackjack.o(.data)
    dealerHand                               0x10000090   Data           4  gameblackjack.o(.data)
    osThreadId_osTimerThread                 0x10000094   Data           4  rtx_conf_cm.o(.data)
    osMessageQId_osTimerMessageQ             0x10000098   Data           4  rtx_conf_cm.o(.data)
    os_tmr                                   0x1000009c   Data           4  rtx_conf_cm.o(.data)
    m_tmr                                    0x100000a0   Data           4  rtx_conf_cm.o(.data)
    SystemCoreClock                          0x100000a4   Data           4  system_lpc17xx_1.o(.data)
    SystemFrequency                          0x100000a8   Data           4  system_lpc17xx_1.o(.data)
    os_initialized                           0x100000ac   Data           1  rt_cmsis.o(.data)
    os_running                               0x100000ad   Data           1  rt_cmsis.o(.data)
    os_timer_head                            0x100000b0   Data           4  rt_cmsis.o(.data)
    os_tsk                                   0x100000b4   Data           8  rt_task.o(.data)
    os_tick_irqn                             0x100000c0   Data           4  rt_system.o(.data)
    os_time                                  0x100000c4   Data           4  rt_time.o(.data)
    dbg_msg                                  0x100000c8   Data           1  hal_cm.o(.data)
    EP0Buf                                   0x100000d0   Data          64  usbcore.o(.bss)
    udca                                     0x10000110   Data         128  usbhw.o(.bss)
    deck                                     0x10000190   Data         208  gameblackjack.o(.bss)
    mp_tcb                                   0x10000260   Data         376  rtx_conf_cm.o(.bss)
    mp_stk                                   0x100003d8   Data       24592  rtx_conf_cm.o(.bss)
    os_stack_mem                             0x100063e8   Data        5152  rtx_conf_cm.o(.bss)
    os_fifo                                  0x10007808   Data         132  rtx_conf_cm.o(.bss)
    os_active_TCB                            0x1000788c   Data          28  rtx_conf_cm.o(.bss)
    os_messageQ_q_osTimerMessageQ            0x100078a8   Data          32  rtx_conf_cm.o(.bss)
    os_idle_TCB                              0x100078c8   Data          52  rt_task.o(.bss)
    os_rdy                                   0x100078fc   Data          24  rt_list.o(.bss)
    os_dly                                   0x10007914   Data          24  rt_list.o(.bss)
    UDCA                                     0x10007b30   Data         128  usbhw.o(USB_RAM)
    __initial_sp                             0x10007b30   Data           0  startup_lpc17xx_1.o(STACK)
    DD_NISO_Mem                              0x10007bb0   Data         256  usbhw.o(USB_RAM)
    DD_ISO_Mem                               0x10007cb0   Data         160  usbhw.o(USB_RAM)



==============================================================================

Memory Map of the image

  Image Entry point : 0x000000cd

  Load Region LR_IROM1 (Base: 0x00000000, Size: 0x000791e0, Max: 0x00080000, ABSOLUTE)

    Execution Region ER_IROM1 (Exec base: 0x00000000, Load base: 0x00000000, Size: 0x00079110, Max: 0x00080000, ABSOLUTE)

    Exec Addr    Load Addr    Size         Type   Attr      Idx    E Section Name        Object

    0x00000000   0x00000000   0x000000cc   Data   RO          568    RESET               startup_lpc17xx_1.o
    0x000000cc   0x000000cc   0x00000000   Code   RO         1805  * .ARM.Collect$$$$00000000  mc_w.l(entry.o)
    0x000000cc   0x000000cc   0x00000004   Code   RO         2074    .ARM.Collect$$$$00000001  mc_w.l(entry2.o)
    0x000000d0   0x000000d0   0x00000004   Code   RO         2077    .ARM.Collect$$$$00000004  mc_w.l(entry5.o)
    0x000000d4   0x000000d4   0x00000000   Code   RO         2079    .ARM.Collect$$$$00000008  mc_w.l(entry7b.o)
    0x000000d4   0x000000d4   0x00000000   Code   RO         2081    .ARM.Collect$$$$0000000A  mc_w.l(entry8b.o)
    0x000000d4   0x000000d4   0x00000000   Code   RO         2082    .ARM.Collect$$$$0000000D  mc_w.l(entry10a.o)
    0x000000d4   0x000000d4   0x00000000   Code   RO         2084    .ARM.Collect$$$$0000000F  mc_w.l(entry11a.o)
    0x000000d4   0x000000d4   0x00000018   Code   RO          504    .ARM.Collect$$$$000000FF  rtx_conf_cm.o
    0x000000ec   0x000000ec   0x00000004   Code   RO         2075    .ARM.Collect$$$$00002712  mc_w.l(entry2.o)
    0x000000f0   0x000000f0   0x00000130   Code   RO         1792    .emb_text           RTX_CM3.lib(hal_cm3.o)
    0x00000220   0x00000220   0x000000ac   Code   RO           41    .text               led.o
    0x000002cc   0x000002cc   0x0000002a   Code   RO          505    .text               rtx_conf_cm.o
    0x000002f6   0x000002f6   0x00000002   PAD
    0x000002f8   0x000002f8   0x00000004   Code   RO         1802    SVC_TABLE           RTX_CM3.lib(svc_table.o)
    0x000002fc   0x000002fc   0x00000004   Code   RO          569    .ARM.__at_0x02FC    startup_lpc17xx_1.o
    0x00000300   0x00000300   0x00000b9c   Code   RO            1    .text               glcd_spi_lpc1700.o
    0x00000e9c   0x00000e9c   0x00000350   Code   RO           69    .text               menu.o
    0x000011ec   0x000011ec   0x0000005c   Code   RO          111    .text               kbd.o
    0x00001248   0x00001248   0x000000e8   Code   RO          139    .text               adcuser.o
    0x00001330   0x00001330   0x000003dc   Code   RO          178    .text               usbcore.o
    0x0000170c   0x0000170c   0x00000888   Code   RO          259    .text               usbhw.o
    0x00001f94   0x00001f94   0x000000e0   Code   RO          283    .text               usbuser.o
    0x00002074   0x00002074   0x0000022c   Code   RO          305    .text               usbdmain.o
    0x000022a0   0x000022a0   0x000002b4   Code   RO          324    .text               photogallery.o
    0x00002554   0x00002554   0x00000650   Code   RO          350    .text               gametictactoe.o
    0x00002ba4   0x00002ba4   0x000000c0   Code   RO          404    .text               mp3player.o
    0x00002c64   0x00002c64   0x000002b0   Code   RO          421    .text               gamemenu.o
    0x00002f14   0x00002f14   0x000005f8   Code   RO          433    .text               gameblackjack.o
    0x0000350c   0x0000350c   0x00000024   Code   RO          570    .text               startup_lpc17xx_1.o
    0x00003530   0x00003530   0x00000428   Code   RO          576    .text               system_lpc17xx_1.o
    0x00003958   0x00003958   0x00000062   Code   RO         1808    .text               mc_w.l(uldiv.o)
    0x000039ba   0x000039ba   0x00000002   PAD
    0x000039bc   0x000039bc   0x00000024   Code   RO         1810    .text               mc_w.l(rand.o)
    0x000039e0   0x000039e0   0x0000002c   Code   RO         2086    .text               mc_w.l(uidiv.o)
    0x00003a0c   0x00003a0c   0x0000001e   Code   RO         2088    .text               mc_w.l(llshl.o)
    0x00003a2a   0x00003a2a   0x00000020   Code   RO         2090    .text               mc_w.l(llushr.o)
    0x00003a4a   0x00003a4a   0x00000002   PAD
    0x00003a4c   0x00003a4c   0x00000024   Code   RO         2103    .text               mc_w.l(init.o)
    0x00003a70   0x00003a70   0x000000b8   Code   RO          203    i.USB_ReqGetDescriptor  usbcore.o
    0x00003b28   0x00003b28   0x000000c0   Code   RO          191    i.USB_ReqGetStatus  usbcore.o
    0x00003be8   0x00003be8   0x000000ec   Code   RO          197    i.USB_ReqSetClrFeature  usbcore.o
    0x00003cd4   0x00003cd4   0x000001b8   Code   RO          209    i.USB_ReqSetConfiguration  usbcore.o
    0x00003e8c   0x00003e8c   0x00000130   Code   RO          215    i.USB_ReqSetInterface  usbcore.o
    0x00003fbc   0x00003fbc   0x00000030   Code   RO         1859    i.__0snprintf$1     mc_w.l(printf1.o)
    0x00003fec   0x00003fec   0x0000000e   Code   RO         2111    i.__scatterload_copy  mc_w.l(handlers.o)
    0x00003ffa   0x00003ffa   0x00000002   Code   RO         2112    i.__scatterload_null  mc_w.l(handlers.o)
    0x00003ffc   0x00003ffc   0x0000000e   Code   RO         2113    i.__scatterload_zeroinit  mc_w.l(handlers.o)
    0x0000400a   0x0000400a   0x00000046   Code   RO         1670    i._init_box         RTX_CM3.lib(rt_membox.o)
    0x00004050   0x00004050   0x00000154   Code   RO         1865    i._printf_core      mc_w.l(printf1.o)
    0x000041a4   0x000041a4   0x00000016   Code   RO         1866    i._snputc           mc_w.l(printf1.o)
    0x000041ba   0x000041ba   0x00000002   PAD
    0x000041bc   0x000041bc   0x00000030   Code   RO         1723    i.dbg_init          RTX_CM3.lib(hal_cm.o)
    0x000041ec   0x000041ec   0x00000020   Code   RO         1724    i.dbg_task_notify   RTX_CM3.lib(hal_cm.o)
    0x0000420c   0x0000420c   0x00000010   Code   RO         1725    i.dbg_task_switch   RTX_CM3.lib(hal_cm.o)
    0x0000421c   0x0000421c   0x0000002a   Code   RO          597    i.isrMessageGet     RTX_CM3.lib(rt_cmsis.o)
    0x00004246   0x00004246   0x0000002c   Code   RO          598    i.isrMessagePut     RTX_CM3.lib(rt_cmsis.o)
    0x00004272   0x00004272   0x00000002   PAD
    0x00004274   0x00004274   0x00000056   Code   RO         1516    i.isr_mbx_receive   RTX_CM3.lib(rt_mailbox.o)
    0x000042ca   0x000042ca   0x0000000e   Code   RO         1517    i.isr_mbx_send      RTX_CM3.lib(rt_mailbox.o)
    0x000042d8   0x000042d8   0x00000024   Code   RO          602    i.osKernelInitialize  RTX_CM3.lib(rt_cmsis.o)
    0x000042fc   0x000042fc   0x0000006c   Code   RO          604    i.osKernelStart     RTX_CM3.lib(rt_cmsis.o)
    0x00004368   0x00004368   0x00000018   Code   RO          613    i.osMessageGet      RTX_CM3.lib(rt_cmsis.o)
    0x00004380   0x00004380   0x0000002c   Code   RO          630    i.osThreadCreate    RTX_CM3.lib(rt_cmsis.o)
    0x000043ac   0x000043ac   0x00000018   Code   RO          631    i.osThreadExit      RTX_CM3.lib(rt_cmsis.o)
    0x000043c4   0x000043c4   0x0000000c   Code   RO          637    i.osTimerCall       RTX_CM3.lib(rt_cmsis.o)
    0x000043d0   0x000043d0   0x0000002c   Code   RO          642    i.osTimerThread     RTX_CM3.lib(rt_cmsis.o)
    0x000043fc   0x000043fc   0x00000028   Code   RO         1304    i.os_tick_init      RTX_CM3.lib(rt_system.o)
    0x00004424   0x00004424   0x00000002   Code   RO         1305    i.os_tick_irqack    RTX_CM3.lib(rt_system.o)
    0x00004426   0x00004426   0x0000001a   Code   RO         1671    i.rt_alloc_box      RTX_CM3.lib(rt_membox.o)
    0x00004440   0x00004440   0x0000003e   Code   RO         1699    i.rt_alloc_mem      RTX_CM3.lib(rt_memory.o)
    0x0000447e   0x0000447e   0x00000002   PAD
    0x00004480   0x00004480   0x00000038   Code   RO         1219    i.rt_block          RTX_CM3.lib(rt_task.o)
    0x000044b8   0x000044b8   0x00000070   Code   RO         1440    i.rt_dec_dly        RTX_CM3.lib(rt_list.o)
    0x00004528   0x00004528   0x00000044   Code   RO         1220    i.rt_dispatch       RTX_CM3.lib(rt_task.o)
    0x0000456c   0x0000456c   0x00000050   Code   RO         1397    i.rt_evt_psh        RTX_CM3.lib(rt_event.o)
    0x000045bc   0x000045bc   0x0000002c   Code   RO         1672    i.rt_free_box       RTX_CM3.lib(rt_membox.o)
    0x000045e8   0x000045e8   0x00000028   Code   RO         1700    i.rt_free_mem       RTX_CM3.lib(rt_memory.o)
    0x00004610   0x00004610   0x00000028   Code   RO         1441    i.rt_get_first      RTX_CM3.lib(rt_list.o)
    0x00004638   0x00004638   0x00000008   Code   RO          647    i.rt_id2obj         RTX_CM3.lib(rt_cmsis.o)
    0x00004640   0x00004640   0x00000048   Code   RO         1221    i.rt_init_context   RTX_CM3.lib(rt_task.o)
    0x00004688   0x00004688   0x0000001a   Code   RO         1701    i.rt_init_mem       RTX_CM3.lib(rt_memory.o)
    0x000046a2   0x000046a2   0x00000002   PAD
    0x000046a4   0x000046a4   0x00000080   Code   RO         1726    i.rt_init_stack     RTX_CM3.lib(hal_cm.o)
    0x00004724   0x00004724   0x00000008   Code   RO         1518    i.rt_mbx_check      RTX_CM3.lib(rt_mailbox.o)
    0x0000472c   0x0000472c   0x0000001a   Code   RO         1519    i.rt_mbx_init       RTX_CM3.lib(rt_mailbox.o)
    0x00004746   0x00004746   0x00000002   PAD
    0x00004748   0x00004748   0x000000f0   Code   RO         1520    i.rt_mbx_psh        RTX_CM3.lib(rt_mailbox.o)
    0x00004838   0x00004838   0x000000b4   Code   RO         1522    i.rt_mbx_wait       RTX_CM3.lib(rt_mailbox.o)
    0x000048ec   0x000048ec   0x00000044   Code   RO          648    i.rt_ms2tick        RTX_CM3.lib(rt_cmsis.o)
    0x00004930   0x00004930   0x0000007c   Code   RO         1308    i.rt_pop_req        RTX_CM3.lib(rt_system.o)
    0x000049ac   0x000049ac   0x00000020   Code   RO         1309    i.rt_psh_req        RTX_CM3.lib(rt_system.o)
    0x000049cc   0x000049cc   0x0000005c   Code   RO         1443    i.rt_psq_enq        RTX_CM3.lib(rt_list.o)
    0x00004a28   0x00004a28   0x00000048   Code   RO         1444    i.rt_put_dly        RTX_CM3.lib(rt_list.o)
    0x00004a70   0x00004a70   0x00000036   Code   RO         1445    i.rt_put_prio       RTX_CM3.lib(rt_list.o)
    0x00004aa6   0x00004aa6   0x00000002   PAD
    0x00004aa8   0x00004aa8   0x00000014   Code   RO         1446    i.rt_put_rdy_first  RTX_CM3.lib(rt_list.o)
    0x00004abc   0x00004abc   0x00000034   Code   RO         1447    i.rt_resort_prio    RTX_CM3.lib(rt_list.o)
    0x00004af0   0x00004af0   0x00000006   Code   RO         1727    i.rt_ret_val        RTX_CM3.lib(hal_cm.o)
    0x00004af6   0x00004af6   0x00000008   Code   RO         1728    i.rt_ret_val2       RTX_CM3.lib(hal_cm.o)
    0x00004afe   0x00004afe   0x00000028   Code   RO         1448    i.rt_rmv_dly        RTX_CM3.lib(rt_list.o)
    0x00004b26   0x00004b26   0x00000002   PAD
    0x00004b28   0x00004b28   0x00000030   Code   RO         1449    i.rt_rmv_list       RTX_CM3.lib(rt_list.o)
    0x00004b58   0x00004b58   0x00000034   Code   RO         1567    i.rt_sem_psh        RTX_CM3.lib(rt_semaphore.o)
    0x00004b8c   0x00004b8c   0x00000024   Code   RO         1311    i.rt_stk_check      RTX_CM3.lib(rt_system.o)
    0x00004bb0   0x00004bb0   0x00000028   Code   RO         1222    i.rt_switch_req     RTX_CM3.lib(rt_task.o)
    0x00004bd8   0x00004bd8   0x000000cc   Code   RO         1223    i.rt_sys_init       RTX_CM3.lib(rt_task.o)
    0x00004ca4   0x00004ca4   0x00000078   Code   RO         1224    i.rt_sys_start      RTX_CM3.lib(rt_task.o)
    0x00004d1c   0x00004d1c   0x00000040   Code   RO         1313    i.rt_systick        RTX_CM3.lib(rt_system.o)
    0x00004d5c   0x00004d5c   0x00000012   Code   RO          649    i.rt_tid2ptcb       RTX_CM3.lib(rt_cmsis.o)
    0x00004d6e   0x00004d6e   0x00000002   PAD
    0x00004d70   0x00004d70   0x00000034   Code   RO          650    i.rt_timer_insert   RTX_CM3.lib(rt_cmsis.o)
    0x00004da4   0x00004da4   0x00000088   Code   RO         1225    i.rt_tsk_create     RTX_CM3.lib(rt_task.o)
    0x00004e2c   0x00004e2c   0x0000017c   Code   RO         1226    i.rt_tsk_delete     RTX_CM3.lib(rt_task.o)
    0x00004fa8   0x00004fa8   0x0000007c   Code   RO         1228    i.rt_tsk_prio       RTX_CM3.lib(rt_task.o)
    0x00005024   0x00005024   0x00000010   Code   RO         1229    i.rt_tsk_self       RTX_CM3.lib(rt_task.o)
    0x00005034   0x00005034   0x00000070   Code   RO          653    i.svcKernelInitialize  RTX_CM3.lib(rt_cmsis.o)
    0x000050a4   0x000050a4   0x00000048   Code   RO          655    i.svcKernelStart    RTX_CM3.lib(rt_cmsis.o)
    0x000050ec   0x000050ec   0x00000024   Code   RO          658    i.svcMessageCreate  RTX_CM3.lib(rt_cmsis.o)
    0x00005110   0x00005110   0x0000003a   Code   RO          659    i.svcMessageGet     RTX_CM3.lib(rt_cmsis.o)
    0x0000514a   0x0000514a   0x00000002   PAD
    0x0000514c   0x0000514c   0x0000006c   Code   RO          673    i.svcThreadCreate   RTX_CM3.lib(rt_cmsis.o)
    0x000051b8   0x000051b8   0x0000001c   Code   RO          674    i.svcThreadGetId    RTX_CM3.lib(rt_cmsis.o)
    0x000051d4   0x000051d4   0x00000038   Code   RO          677    i.svcThreadTerminate  RTX_CM3.lib(rt_cmsis.o)
    0x0000520c   0x0000520c   0x00000018   Code   RO          679    i.svcTimerCall      RTX_CM3.lib(rt_cmsis.o)
    0x00005224   0x00005224   0x0000005c   Code   RO          688    i.sysTimerTick      RTX_CM3.lib(rt_cmsis.o)
    0x00005280   0x00005280   0x00001880   Data   RO            2    .constdata          glcd_spi_lpc1700.o
    0x00006b00   0x00006b00   0x00000020   Data   RO           42    .constdata          led.o
    0x00006b20   0x00006b20   0x000000e4   Data   RO          247    .constdata          usbdesc.o
    0x00006c04   0x00006c04   0x00000010   Data   RO          261    .constdata          usbhw.o
    0x00006c14   0x00006c14   0x00000040   Data   RO          284    .constdata          usbuser.o
    0x00006c54   0x00006c54   0x0004ea9b   Data   RO          325    .constdata          photogallery.o
    0x000556ef   0x000556ef   0x00010115   Data   RO          351    .constdata          gametictactoe.o
    0x00065804   0x00065804   0x00013881   Data   RO          405    .constdata          mp3player.o
    0x00079085   0x00079085   0x00000003   PAD
    0x00079088   0x00079088   0x00000068   Data   RO          507    .constdata          rtx_conf_cm.o
    0x000790f0   0x000790f0   0x00000020   Data   RO         2109    Region$$Table       anon$$obj.o


    Execution Region RW_IRAM1 (Exec base: 0x10000000, Load base: 0x00079110, Size: 0x00007d50, Max: 0x00008000, ABSOLUTE)

    Exec Addr    Load Addr    Size         Type   Attr      Idx    E Section Name        Object

    0x10000000   0x00079110   0x00000005   Data   RW            3    .data               glcd_spi_lpc1700.o
    0x10000005   0x00079115   0x00000001   PAD
    0x10000006   0x00079116   0x00000002   Data   RW          141    .data               adcuser.o
    0x10000008   0x00079118   0x00000028   Data   RW          180    .data               usbcore.o
    0x10000030   0x00079140   0x00000008   Data   RW          262    .data               usbhw.o
    0x10000038   0x00079148   0x00000020   Data   RW          306    .data               usbdmain.o
    0x10000058   0x00079168   0x0000002c   Data   RW          352    .data               gametictactoe.o
    0x10000084   0x00079194   0x00000010   Data   RW          435    .data               gameblackjack.o
    0x10000094   0x000791a4   0x00000010   Data   RW          508    .data               rtx_conf_cm.o
    0x100000a4   0x000791b4   0x00000008   Data   RW          577    .data               system_lpc17xx_1.o
    0x100000ac   0x000791bc   0x00000008   Data   RW          691    .data               RTX_CM3.lib(rt_cmsis.o)
    0x100000b4   0x000791c4   0x00000008   Data   RW         1231    .data               RTX_CM3.lib(rt_task.o)
    0x100000bc   0x000791cc   0x00000008   Data   RW         1316    .data               RTX_CM3.lib(rt_system.o)
    0x100000c4   0x000791d4   0x00000004   Data   RW         1610    .data               RTX_CM3.lib(rt_time.o)
    0x100000c8   0x000791d8   0x00000001   Data   RW         1729    .data               RTX_CM3.lib(hal_cm.o)
    0x100000c9   0x000791d9   0x00000003   PAD
    0x100000cc   0x000791dc   0x00000004   Data   RW         1811    .data               mc_w.l(rand.o)
    0x100000d0        -       0x00000040   Zero   RW          179    .bss                usbcore.o
    0x10000110        -       0x00000080   Zero   RW          260    .bss                usbhw.o
    0x10000190        -       0x000000d0   Zero   RW          434    .bss                gameblackjack.o
    0x10000260        -       0x00007668   Zero   RW          506    .bss                rtx_conf_cm.o
    0x100078c8        -       0x00000034   Zero   RW         1230    .bss                RTX_CM3.lib(rt_task.o)
    0x100078fc        -       0x00000030   Zero   RW         1450    .bss                RTX_CM3.lib(rt_list.o)
    0x1000792c   0x000791e0   0x00000004   PAD
    0x10007930        -       0x00000200   Zero   RW          566    STACK               startup_lpc17xx_1.o
    0x10007b30        -       0x00000220   Zero   RW          263    USB_RAM             usbhw.o


==============================================================================

Image component sizes


      Code (inc. data)   RO Data    RW Data    ZI Data      Debug   Object Name

       232         16          0          2          0       6052   adcuser.o
         0          0          0          0          0         32   core_cm3.o
      1528        410          0         16        208       3914   gameblackjack.o
       688        206          0          0          0       1348   gamemenu.o
      1616        320      65813         44          0       6831   gametictactoe.o
      2972         52       6272          5          0      13908   glcd_spi_lpc1700.o
        92         18          0          0          0        750   kbd.o
       172         14         32          0          0      16577   led.o
       848        296          0          0          0       3555   menu.o
       192         64      80001          0          0       1250   mp3player.o
       692        156     322203          0          0       3487   photogallery.o
        66          6        104         16      30312       7681   rtx_conf_cm.o
        40         12        204          0        512        972   startup_lpc17xx_1.o
      1064         42          0          8          0       1295   system_lpc17xx_1.o
      2344        206          0         40         64       9291   usbcore.o
         0          0        228          0          0        625   usbdesc.o
       556         66          0         32          0       1998   usbdmain.o
      2184        140         16          8        672      13375   usbhw.o
       224         22         64          0          0       3219   usbuser.o

    ----------------------------------------------------------------------
     15512       2046     474972        172      31768      96160   Object Totals
         0          0         32          0          0          0   (incl. Generated)
         2          0          3          1          0          0   (incl. Padding)

    ----------------------------------------------------------------------

      Code (inc. data)   RO Data    RW Data    ZI Data      Debug   Library Member Name

       238         24          0          1          0       3244   hal_cm.o
       304         36          0          0          0        756   hal_cm3.o
      1110        138          0          8          0      32233   rt_cmsis.o
        80          4          0          0          0        649   rt_event.o
       530         34          0          0         48       8157   rt_list.o
       554         10          0          0          0       3889   rt_mailbox.o
       140          0          0          0          0       1889   rt_membox.o
       128          0          0          0          0       2267   rt_memory.o
        52          4          0          0          0        565   rt_semaphore.o
       298         52          0          8          0       6139   rt_system.o
      1216        174          0          8         52       9537   rt_task.o
         0          0          0          4          0        206   rt_time.o
         4          4          0          0          0        196   svc_table.o
         0          0          0          0          0          0   entry.o
         0          0          0          0          0          0   entry10a.o
         0          0          0          0          0          0   entry11a.o
         8          4          0          0          0          0   entry2.o
         4          0          0          0          0          0   entry5.o
         0          0          0          0          0          0   entry7b.o
         0          0          0          0          0          0   entry8b.o
        30          0          0          0          0          0   handlers.o
        36          8          0          0          0         68   init.o
        30          0          0          0          0         68   llshl.o
        32          0          0          0          0         68   llushr.o
       410          8          0          0          0        252   printf1.o
        36         10          0          4          0        136   rand.o
        44          0          0          0          0         80   uidiv.o
        98          0          0          0          0         92   uldiv.o

    ----------------------------------------------------------------------
      5404        510          0         36        104      70491   Library Totals
        22          0          0          3          4          0   (incl. Padding)

    ----------------------------------------------------------------------

      Code (inc. data)   RO Data    RW Data    ZI Data      Debug   Library Name

      4654        480          0         29        100      69727   RTX_CM3.lib
       728         30          0          4          0        764   mc_w.l

    ----------------------------------------------------------------------
      5404        510          0         36        104      70491   Library Totals

    ----------------------------------------------------------------------

==============================================================================


      Code (inc. data)   RO Data    RW Data    ZI Data      Debug   

     20916       2556     474972        208      31872     161187   Grand Totals
     20916       2556     474972        208      31872     161187   ELF Image Totals
     20916       2556     474972        208          0          0   ROM Totals

==============================================================================

    Total RO  Size (Code + RO Data)               495888 ( 484.27kB)
    Total RW  Size (RW Data + ZI Data)             32080 (  31.33kB)
    Total ROM Size (Code + RO Data + RW Data)     496096 ( 484.47kB)

==============================================================================

